Company;FirstName;Name;Valid
Hooniçan;Kén;Blôck;true
ABL;Andreas;Bakkerud;false
